Log file open, 09/19/25 22:49:58
LogConsoleManager: Warning: Console object named 'p.ForceJumpPeakSubstep' already exists but is being registered again, but we weren't expected it to be! (FConsoleManager::AddConsoleObject)
LogConsoleManager: Warning: Console object named 'p.UseTargetVelocityOnImpact' already exists but is being registered again, but we weren't expected it to be! (FConsoleManager::AddConsoleObject)
LogWindows: Custom abort handler registered for crash reporting.
LogPakFile: Display: Found Pak file ../../../Project_Plague/Content/Paks/Project_Plague-Windows_0_P.pak attempting to mount.
LogPakFile: Display: Mounting pak file ../../../Project_Plague/Content/Paks/Project_Plague-Windows_0_P.pak.
LogPakFile: Display: Mounted Pak file '../../../Project_Plague/Content/Paks/Project_Plague-Windows_0_P.pak', mount point: '../../../'
LogPakFile: Display: Found Pak file ../../../Project_Plague/Content/Paks/Project_Plague-Windows.pak attempting to mount.
LogPakFile: Display: Mounting pak file ../../../Project_Plague/Content/Paks/Project_Plague-Windows.pak.
LogPakFile: Display: Mounted Pak file '../../../Project_Plague/Content/Paks/Project_Plague-Windows.pak', mount point: '../../../'
LogICUInternationalization: ICU TimeZone Detection - Raw Offset: +8:00, Platform Override: ''
LogInit: Session CrashGUID >====================================================
         Session CrashGUID >   UECC-Windows-3F60471946706D7F18B93E8D3056DCED
         Session CrashGUID >====================================================
LogConfig: Warning: Found a deprecated ini section name in ../../../Project_Plague/Config/DefaultGame.ini. Search for [WhitelistConfigFiles] and replace with [AllowedConfigFiles]
LogConfig: Warning: Found a deprecated ini section name in ../../../Project_Plague/Config/DefaultGame.ini. Search for [WhitelistConfigFiles] and replace with [AllowedConfigFiles]
LogConfig: Warning: Found a deprecated ini section name in ../../../Project_Plague/Config/DefaultGame.ini. Search for [WhitelistConfigFiles] and replace with [AllowedConfigFiles]
LogConfig: Warning: Found a deprecated ini section name in ../../../Project_Plague/Config/DefaultGame.ini. Search for [WhitelistConfigFiles] and replace with [AllowedConfigFiles]
LogConfig: Warning: Found a deprecated ini section name in ../../../Project_Plague/Config/DefaultGame.ini. Search for [WhitelistConfigFiles] and replace with [AllowedConfigFiles]
LogConfig: Warning: Found a deprecated ini section name in ../../../Project_Plague/Config/DefaultGame.ini. Search for [WhitelistConfigFiles] and replace with [AllowedConfigFiles]
LogConfig: Warning: Found a deprecated ini section name in ../../../Project_Plague/Config/DefaultGame.ini. Search for [WhitelistConfigFiles] and replace with [AllowedConfigFiles]
LogConfig: Warning: Found a deprecated ini section name in ../../../Project_Plague/Config/DefaultGame.ini. Search for [BlacklistConfigFiles] and replace with [DisallowedConfigFiles]
LogConfig: Warning: Found a deprecated ini section name in ../../../Project_Plague/Config/DefaultGame.ini. Search for [BlacklistConfigFiles] and replace with [DisallowedConfigFiles]
LogAssetRegistry: Premade AssetRegistry loaded from '../../../Project_Plague/AssetRegistry.bin'
LogPluginManager: Mounting Project plugin BRPlugins
LogPluginManager: Mounting Project plugin BlueprintServerConnection
LogPluginManager: Mounting Project plugin CommonUtils
LogPluginManager: Mounting Project plugin ControlRigEditorExtend
LogPluginManager: Mounting Project plugin ControlRigExtend
LogPluginManager: Mounting Project plugin CriWareCinematics
LogPluginManager: Mounting Project plugin CriWareExtends
LogPluginManager: Mounting Project plugin CriWareLips
LogPluginManager: Mounting Project plugin CriWare
LogPluginManager: Mounting Project plugin CustomizationStyle
LogPluginManager: Mounting Project plugin DCSOnlineSystem
LogPluginManager: Mounting Project plugin DialoguePlugin
LogPluginManager: Mounting Project plugin DynamicCombatSystem
LogPluginManager: Mounting Project plugin EngineCustomized
LogPluginManager: Mounting Project plugin ExternCommand
LogPluginManager: Mounting Project plugin GameBooterTest
LogPluginManager: Mounting Project plugin GameBooter
LogPluginManager: Mounting Project plugin AICombatScript
LogPluginManager: Mounting Project plugin CharacterStrategy
LogPluginManager: Mounting Project plugin DCCaculatorNative
LogPluginManager: Mounting Project plugin DCCaculatorTest
LogPluginManager: Mounting Project plugin DCCaculator
LogPluginManager: Mounting Project plugin DCSGemStore
LogPluginManager: Mounting Project plugin DebugWidget
LogPluginManager: Mounting Project plugin GameConfigerNative
LogPluginManager: Mounting Project plugin GameConfigerTest
LogPluginManager: Mounting Project plugin GameConfiger
LogPluginManager: Mounting Project plugin GameSaverNative
LogPluginManager: Mounting Project plugin GameSaverTest
LogPluginManager: Mounting Project plugin GameSaver
LogPluginManager: Mounting Project plugin HQR_TableEditor
LogPluginManager: Mounting Project plugin PortablePolicyOfWorldLoading
LogPluginManager: Mounting Project plugin StarGraphHelperNative
LogPluginManager: Mounting Project plugin StarGraphHelperTest
LogPluginManager: Mounting Project plugin StarGraphHelper
LogPluginManager: Mounting Project plugin HardwareHelper
LogPluginManager: Mounting Project plugin InteractiveWorld
LogPluginManager: Mounting Project plugin MMPlatformHelper
LogPluginManager: Mounting Project plugin NiagaraUIRenderer
LogPluginManager: Mounting Project plugin PSOcacheHinter
LogPluginManager: Mounting Project plugin PlusMerge
LogPluginManager: Mounting Project plugin PureEditorTools
LogPluginManager: Mounting Project plugin TestCppTaskMoveTo
LogPluginManager: Mounting Project plugin TestLevelTools
LogPluginManager: Mounting Project plugin UE4ToUE5
LogPluginManager: Mounting Project plugin UpgradeTools
LogPluginManager: Mounting Project plugin WidgetGroupInput
LogPluginManager: Mounting Project plugin Wwise
LogPluginManager: Mounting Project plugin panda_framework_assemble_api
LogPluginManager: Mounting Project plugin panda_framework_script
LogPluginManager: Mounting Engine plugin Paper2D
LogPluginManager: Mounting Engine plugin AISupport
LogPluginManager: Mounting Engine plugin EnvironmentQueryEditor
LogPluginManager: Mounting Engine plugin ControlRigSpline
LogPluginManager: Mounting Engine plugin ControlRig
LogPluginManager: Mounting Engine plugin GameplayInsights
LogPluginManager: Mounting Engine plugin IKRig
LogPluginManager: Mounting Engine plugin Bridge
LogPluginManager: Mounting Engine plugin CameraShakePreviewer
LogPluginManager: Mounting Engine plugin GameplayCameras
LogPluginManager: Mounting Engine plugin OpenColorIO
LogPluginManager: Mounting Engine plugin OodleNetwork
LogPluginManager: Mounting Engine plugin AnimationSharing
LogPluginManager: Mounting Engine plugin PluginUtils
LogPluginManager: Mounting Engine plugin TraceSourceFilters
LogPluginManager: Mounting Engine plugin UObjectPlugin
LogPluginManager: Mounting Engine plugin AssetManagerEditor
LogPluginManager: Mounting Engine plugin BlueprintHeaderView
LogPluginManager: Mounting Engine plugin BlueprintMaterialTextureNodes
LogPluginManager: Mounting Engine plugin EditorScriptingUtilities
LogPluginManager: Mounting Engine plugin FacialAnimation
LogPluginManager: Mounting Engine plugin GeometryMode
LogPluginManager: Mounting Engine plugin ModelingToolsEditorMode
LogPluginManager: Mounting Engine plugin LightMixer
LogPluginManager: Mounting Engine plugin ObjectMixer
LogPluginManager: Mounting Engine plugin SequencerAnimTools
LogPluginManager: Mounting Engine plugin SpeedTreeImporter
LogPluginManager: Mounting Engine plugin StylusInput
LogPluginManager: Mounting Engine plugin EnhancedInput
LogPluginManager: Mounting Engine plugin DatasmithContent
LogPluginManager: Mounting Engine plugin GLTFExporter
LogPluginManager: Mounting Engine plugin VariantManagerContent
LogPluginManager: Mounting Engine plugin AutomationUtils
LogPluginManager: Mounting Engine plugin BackChannel
LogPluginManager: Mounting Engine plugin ChaosCaching
LogPluginManager: Mounting Engine plugin ChaosClothEditor
LogPluginManager: Mounting Engine plugin ChaosCloth
LogPluginManager: Mounting Engine plugin ChaosEditor
LogPluginManager: Mounting Engine plugin ChaosNiagara
LogPluginManager: Mounting Engine plugin ChaosSolverPlugin
LogPluginManager: Mounting Engine plugin ChaosUserDataPT
LogPluginManager: Mounting Engine plugin CharacterAI
LogPluginManager: Mounting Engine plugin Dataflow
LogPluginManager: Mounting Engine plugin FieldSystemPlugin
LogPluginManager: Mounting Engine plugin FullBodyIK
LogPluginManager: Mounting Engine plugin GeometryCollectionPlugin
LogPluginManager: Mounting Engine plugin Iris
LogPluginManager: Mounting Engine plugin Landmass
LogPluginManager: Mounting Engine plugin OpenImageDenoise
LogPluginManager: Mounting Engine plugin PlatformCrypto
LogPluginManager: Mounting Engine plugin PythonScriptPlugin
LogPluginManager: Mounting Engine plugin RawInput
LogPluginManager: Mounting Engine plugin UVEditor
LogPluginManager: Mounting Engine plugin VirtualHeightfieldMesh
LogPluginManager: Mounting Engine plugin Volumetrics
LogPluginManager: Mounting Engine plugin Niagara
LogPluginManager: Mounting Engine plugin AlembicImporter
LogPluginManager: Mounting Engine plugin InterchangeEditor
LogPluginManager: Mounting Engine plugin FSR3
LogPluginManager: Mounting Engine plugin AvfMedia
LogPluginManager: Mounting Engine plugin ImgMedia
LogPluginManager: Mounting Engine plugin MediaCompositing
LogPluginManager: Mounting Engine plugin MediaPlate
LogPluginManager: Mounting Engine plugin MfMedia
LogPluginManager: Mounting Engine plugin WebMMedia
LogPluginManager: Mounting Engine plugin WmfMedia
LogPluginManager: Mounting Engine plugin MeshPainting
LogPluginManager: Mounting Engine plugin TcpMessaging
LogPluginManager: Mounting Engine plugin UdpMessaging
LogPluginManager: Mounting Engine plugin ActorSequence
LogPluginManager: Mounting Engine plugin LevelSequenceEditor
LogPluginManager: Mounting Engine plugin MovieRenderPipeline
LogPluginManager: Mounting Engine plugin SequencerScripting
LogPluginManager: Mounting Engine plugin TemplateSequence
LogPluginManager: Mounting Engine plugin EOSShared
LogPluginManager: Mounting Engine plugin OnlineBase
LogPluginManager: Mounting Engine plugin OnlineServices
LogPluginManager: Mounting Engine plugin OnlineSubsystemEOS
LogPluginManager: Mounting Engine plugin OnlineSubsystemGOG
LogPluginManager: Mounting Engine plugin OnlineSubsystemNull
LogPluginManager: Mounting Engine plugin OnlineSubsystemSteam
LogPluginManager: Mounting Engine plugin OnlineSubsystemUtils
LogPluginManager: Mounting Engine plugin OnlineSubsystem
LogPluginManager: Mounting Engine plugin SocketSubsystemEOS
LogPluginManager: Mounting Engine plugin EOSVoiceChat
LogPluginManager: Mounting Engine plugin LauncherChunkInstaller
LogPluginManager: Mounting Engine plugin ActorLayerUtilities
LogPluginManager: Mounting Engine plugin AndroidFileServer
LogPluginManager: Mounting Engine plugin AndroidPermission
LogPluginManager: Mounting Engine plugin ApexDestruction
LogPluginManager: Mounting Engine plugin AppleImageUtils
LogPluginManager: Mounting Engine plugin ArchVisCharacter
LogPluginManager: Mounting Engine plugin AssetTags
LogPluginManager: Mounting Engine plugin AudioCapture
LogPluginManager: Mounting Engine plugin AudioSynesthesia
LogPluginManager: Mounting Engine plugin AudioWidgets
LogPluginManager: Mounting Engine plugin CableComponent
LogPluginManager: Mounting Engine plugin ChunkDownloader
LogPluginManager: Mounting Engine plugin CustomMeshComponent
LogPluginManager: Mounting Engine plugin ExampleDeviceProfileSelector
LogPluginManager: Mounting Engine plugin GeometryCache
LogPluginManager: Mounting Engine plugin GeometryProcessing
LogPluginManager: Mounting Engine plugin GooglePAD
LogPluginManager: Mounting Engine plugin HDRIBackdrop
LogPluginManager: Mounting Engine plugin LocationServicesBPLibrary
LogPluginManager: Mounting Engine plugin Metasound
LogPluginManager: Mounting Engine plugin MobilePatchingUtils
LogPluginManager: Mounting Engine plugin CVarVolume
LogPluginManager: Mounting Engine plugin DLSSMoviePipelineSupport
LogPluginManager: Mounting Engine plugin DLSS
LogPluginManager: Mounting Engine plugin NIS
LogPluginManager: Mounting Engine plugin NRD
LogPluginManager: Mounting Engine plugin Streamline
LogPluginManager: Mounting Engine plugin ProceduralMeshComponent
LogPluginManager: Mounting Engine plugin PropertyAccessEditor
LogPluginManager: Mounting Engine plugin ResonanceAudio
LogPluginManager: Mounting Engine plugin SignificanceManager
LogPluginManager: Mounting Engine plugin SoundFields
LogPluginManager: Mounting Engine plugin SteamShared
LogPluginManager: Mounting Engine plugin Synthesis
LogPluginManager: Mounting Engine plugin WaveTable
LogPluginManager: Mounting Engine plugin WebMMoviePlayer
LogPluginManager: Mounting Engine plugin WindowsDeviceProfileSelector
LogPluginManager: Mounting Engine plugin WindowsMoviePlayer
LogPluginManager: Mounting Engine plugin WinDualShock
LogPluginManager: Mounting Engine plugin SlateInsights
LogPluginManager: Mounting Engine plugin EditorTests
LogPluginManager: Mounting Engine plugin FunctionalTestingEditor
LogPluginManager: Mounting Engine plugin TraceUtilities
LogPluginManager: Mounting Engine plugin Takes
LogPackageName: Display: FPackageName: Mount point added: '../../Plugins/BRPlugins/Content/' mounted to '/BRPlugins/'
LogPackageName: Display: FPackageName: Mount point added: '../../Plugins/CommonUtils/Content/' mounted to '/CommonUtils/'
LogPackageName: Display: FPackageName: Mount point added: '../../Plugins/ControlRigEditorExtend/Content/' mounted to '/ControlRigEditorExtend/'
LogPackageName: Display: FPackageName: Mount point added: '../../Plugins/ControlRigExtend/Content/' mounted to '/ControlRigExtend/'
LogPackageName: Display: FPackageName: Mount point added: '../../Plugins/CriWareModules/CriWareCinematics/Content/' mounted to '/CriWareCinematics/'
LogPackageName: Display: FPackageName: Mount point added: '../../Plugins/CriWareModules/CriWareExtends/Content/' mounted to '/CriWareExtends/'
LogPackageName: Display: FPackageName: Mount point added: '../../Plugins/CriWareModules/CriWareLips/Content/' mounted to '/CriWareLips/'
LogPackageName: Display: FPackageName: Mount point added: '../../Plugins/CriWareModules/CriWare/Content/' mounted to '/CriWare/'
LogPackageName: Display: FPackageName: Mount point added: '../../Plugins/DCSOnlineSystem/Content/' mounted to '/DCSOnlineSystem/'
LogPackageName: Display: FPackageName: Mount point added: '../../Plugins/DialoguePlugin/Content/' mounted to '/DialoguePlugin/'
LogPackageName: Display: FPackageName: Mount point added: '../../Plugins/DynamicCombatSystem/Content/' mounted to '/DynamicCombatSystem/'
LogPackageName: Display: FPackageName: Mount point added: '../../Plugins/EngineCustomized/Content/' mounted to '/EngineCustomized/'
LogPackageName: Display: FPackageName: Mount point added: '../../Plugins/ExternCommand/Content/' mounted to '/ExternCommand/'
LogPackageName: Display: FPackageName: Mount point added: '../../Plugins/GameBooterTest/Content/' mounted to '/GameBooterTest/'
LogPackageName: Display: FPackageName: Mount point added: '../../Plugins/GameBooter/Content/' mounted to '/GameBooter/'
LogPackageName: Display: FPackageName: Mount point added: '../../Plugins/GameModules/AICombatScript/Content/' mounted to '/AICombatScript/'
LogPackageName: Display: FPackageName: Mount point added: '../../Plugins/GameModules/CharacterStrategy/Content/' mounted to '/CharacterStrategy/'
LogPackageName: Display: FPackageName: Mount point added: '../../Plugins/GameModules/DCCaculatorNative/Content/' mounted to '/DCCaculatorNative/'
LogPackageName: Display: FPackageName: Mount point added: '../../Plugins/GameModules/DCCaculatorTest/Content/' mounted to '/DCCaculatorTest/'
LogPackageName: Display: FPackageName: Mount point added: '../../Plugins/GameModules/DCCaculator/Content/' mounted to '/DCCaculator/'
LogPackageName: Display: FPackageName: Mount point added: '../../Plugins/GameModules/DCSGemStore/Content/' mounted to '/DCSGemStore/'
LogPackageName: Display: FPackageName: Mount point added: '../../Plugins/GameModules/DebugWidget/Content/' mounted to '/DebugWidget/'
LogPackageName: Display: FPackageName: Mount point added: '../../Plugins/GameModules/GameConfigerNative/Content/' mounted to '/GameConfigerNative/'
LogPackageName: Display: FPackageName: Mount point added: '../../Plugins/GameModules/GameConfigerTest/Content/' mounted to '/GameConfigerTest/'
LogPackageName: Display: FPackageName: Mount point added: '../../Plugins/GameModules/GameConfiger/Content/' mounted to '/GameConfiger/'
LogPackageName: Display: FPackageName: Mount point added: '../../Plugins/GameModules/GameSaverNative/Content/' mounted to '/GameSaverNative/'
LogPackageName: Display: FPackageName: Mount point added: '../../Plugins/GameModules/GameSaverTest/Content/' mounted to '/GameSaverTest/'
LogPackageName: Display: FPackageName: Mount point added: '../../Plugins/GameModules/GameSaver/Content/' mounted to '/GameSaver/'
LogPackageName: Display: FPackageName: Mount point added: '../../Plugins/GameModules/HQR_TableEditor/Content/' mounted to '/HQR_TableEditor/'
LogPackageName: Display: FPackageName: Mount point added: '../../Plugins/GameModules/PortablePolicyOfWorldLoading/Content/' mounted to '/PortablePolicyOfWorldLoading/'
LogPackageName: Display: FPackageName: Mount point added: '../../Plugins/GameModules/StarGraphHelperNative/Content/' mounted to '/StarGraphHelperNative/'
LogPackageName: Display: FPackageName: Mount point added: '../../Plugins/GameModules/StarGraphHelperTest/Content/' mounted to '/StarGraphHelperTest/'
LogPackageName: Display: FPackageName: Mount point added: '../../Plugins/GameModules/StarGraphHelper/Content/' mounted to '/StarGraphHelper/'
LogPackageName: Display: FPackageName: Mount point added: '../../Plugins/HardwareHelper/Content/' mounted to '/HardwareHelper/'
LogPackageName: Display: FPackageName: Mount point added: '../../Plugins/InteractiveWorld/Content/' mounted to '/InteractiveWorld/'
LogPackageName: Display: FPackageName: Mount point added: '../../Plugins/MMPlatformHelper/Content/' mounted to '/MMPlatformHelper/'
LogPackageName: Display: FPackageName: Mount point added: '../../Plugins/NiagaraUIRenderer/Content/' mounted to '/NiagaraUIRenderer/'
LogPackageName: Display: FPackageName: Mount point added: '../../Plugins/PSOcacheHinter/Content/' mounted to '/PSOcacheHinter/'
LogPackageName: Display: FPackageName: Mount point added: '../../Plugins/PureEditorTools/Content/' mounted to '/PureEditorTools/'
LogPackageName: Display: FPackageName: Mount point added: '../../Plugins/TestCppTaskMoveTo/Content/' mounted to '/TestCppTaskMoveTo/'
LogPackageName: Display: FPackageName: Mount point added: '../../Plugins/TestLevelTools/Content/' mounted to '/TestLevelTools/'
LogPackageName: Display: FPackageName: Mount point added: '../../Plugins/UE4ToUE5/Content/' mounted to '/UE4ToUE5/'
LogPackageName: Display: FPackageName: Mount point added: '../../Plugins/UpgradeTools/Content/' mounted to '/UpgradeTools/'
LogPackageName: Display: FPackageName: Mount point added: '../../Plugins/WidgetGroupInputPlugin/Content/' mounted to '/WidgetGroupInput/'
LogPackageName: Display: FPackageName: Mount point added: '../../Plugins/Wwise/Content/' mounted to '/Wwise/'
LogPackageName: Display: FPackageName: Mount point added: '../../Plugins/panda_framework_assemble_api/Content/' mounted to '/panda_framework_assemble_api/'
LogPackageName: Display: FPackageName: Mount point added: '../../Plugins/panda_framework_script/Content/' mounted to '/panda_framework_script/'
LogPackageName: Display: FPackageName: Mount point added: '../../../Engine/Plugins/2D/Paper2D/Content/' mounted to '/Paper2D/'
LogPackageName: Display: FPackageName: Mount point added: '../../../Engine/Plugins/Animation/ControlRigSpline/Content/' mounted to '/ControlRigSpline/'
LogPackageName: Display: FPackageName: Mount point added: '../../../Engine/Plugins/Animation/ControlRig/Content/' mounted to '/ControlRig/'
LogPackageName: Display: FPackageName: Mount point added: '../../../Engine/Plugins/Animation/IKRig/Content/' mounted to '/IKRig/'
LogPackageName: Display: FPackageName: Mount point added: '../../../Engine/Plugins/Bridge/Content/' mounted to '/Bridge/'
LogPackageName: Display: FPackageName: Mount point added: '../../../Engine/Plugins/Compositing/OpenColorIO/Content/' mounted to '/OpenColorIO/'
LogPackageName: Display: FPackageName: Mount point added: '../../../Engine/Plugins/Developer/AnimationSharing/Content/' mounted to '/AnimationSharing/'
LogPackageName: Display: FPackageName: Mount point added: '../../../Engine/Plugins/Developer/TraceSourceFiltering/Content/' mounted to '/TraceSourceFilters/'
LogPackageName: Display: FPackageName: Mount point added: '../../../Engine/Plugins/Editor/BlueprintHeaderView/Content/' mounted to '/BlueprintHeaderView/'
LogPackageName: Display: FPackageName: Mount point added: '../../../Engine/Plugins/Editor/GeometryMode/Content/' mounted to '/GeometryMode/'
LogPackageName: Display: FPackageName: Mount point added: '../../../Engine/Plugins/Editor/ModelingToolsEditorMode/Content/' mounted to '/ModelingToolsEditorMode/'
LogPackageName: Display: FPackageName: Mount point added: '../../../Engine/Plugins/Editor/ObjectMixer/LightMixer/Content/' mounted to '/LightMixer/'
LogPackageName: Display: FPackageName: Mount point added: '../../../Engine/Plugins/Editor/ObjectMixer/ObjectMixer/Content/' mounted to '/ObjectMixer/'
LogPackageName: Display: FPackageName: Mount point added: '../../../Engine/Plugins/Editor/SpeedTreeImporter/Content/' mounted to '/SpeedTreeImporter/'
LogPackageName: Display: FPackageName: Mount point added: '../../../Engine/Plugins/Enterprise/DatasmithContent/Content/' mounted to '/DatasmithContent/'
LogPackageName: Display: FPackageName: Mount point added: '../../../Engine/Plugins/Enterprise/GLTFExporter/Content/' mounted to '/GLTFExporter/'
LogPackageName: Display: FPackageName: Mount point added: '../../../Engine/Plugins/Experimental/ChaosCaching/Content/' mounted to '/ChaosCaching/'
LogPackageName: Display: FPackageName: Mount point added: '../../../Engine/Plugins/Experimental/ChaosClothEditor/Content/' mounted to '/ChaosClothEditor/'
LogPackageName: Display: FPackageName: Mount point added: '../../../Engine/Plugins/Experimental/ChaosNiagara/Content/' mounted to '/ChaosNiagara/'
LogPackageName: Display: FPackageName: Mount point added: '../../../Engine/Plugins/Experimental/ChaosSolverPlugin/Content/' mounted to '/ChaosSolverPlugin/'
LogPackageName: Display: FPackageName: Mount point added: '../../../Engine/Plugins/Experimental/Dataflow/Content/' mounted to '/Dataflow/'
LogPackageName: Display: FPackageName: Mount point added: '../../../Engine/Plugins/Experimental/FieldSystemPlugin/Content/' mounted to '/FieldSystemPlugin/'
LogPackageName: Display: FPackageName: Mount point added: '../../../Engine/Plugins/Experimental/FullBodyIK/Content/' mounted to '/FullBodyIK/'
LogPackageName: Display: FPackageName: Mount point added: '../../../Engine/Plugins/Experimental/GeometryCollectionPlugin/Content/' mounted to '/GeometryCollectionPlugin/'
LogPackageName: Display: FPackageName: Mount point added: '../../../Engine/Plugins/Experimental/Landmass/Content/' mounted to '/Landmass/'
LogPackageName: Display: FPackageName: Mount point added: '../../../Engine/Plugins/Experimental/PythonScriptPlugin/Content/' mounted to '/PythonScriptPlugin/'
LogPackageName: Display: FPackageName: Mount point added: '../../../Engine/Plugins/Experimental/UVEditor/Content/' mounted to '/UVEditor/'
LogPackageName: Display: FPackageName: Mount point added: '../../../Engine/Plugins/Experimental/VirtualHeightfieldMesh/Content/' mounted to '/VirtualHeightfieldMesh/'
LogPackageName: Display: FPackageName: Mount point added: '../../../Engine/Plugins/Experimental/Volumetrics/Content/' mounted to '/Volumetrics/'
LogPackageName: Display: FPackageName: Mount point added: '../../../Engine/Plugins/FX/Niagara/Content/' mounted to '/Niagara/'
LogPackageName: Display: FPackageName: Mount point added: '../../../Engine/Plugins/Marketplace/FSR3-510/FSR3/Content/' mounted to '/FSR3/'
LogPackageName: Display: FPackageName: Mount point added: '../../../Engine/Plugins/Media/MediaCompositing/Content/' mounted to '/MediaCompositing/'
LogPackageName: Display: FPackageName: Mount point added: '../../../Engine/Plugins/Media/MediaPlate/Content/' mounted to '/MediaPlate/'
LogPackageName: Display: FPackageName: Mount point added: '../../../Engine/Plugins/MovieScene/MovieRenderPipeline/Content/' mounted to '/MovieRenderPipeline/'
LogPackageName: Display: FPackageName: Mount point added: '../../../Engine/Plugins/MovieScene/SequencerScripting/Content/' mounted to '/SequencerScripting/'
LogPackageName: Display: FPackageName: Mount point added: '../../../Engine/Plugins/Runtime/AudioSynesthesia/Content/' mounted to '/AudioSynesthesia/'
LogPackageName: Display: FPackageName: Mount point added: '../../../Engine/Plugins/Runtime/AudioWidgets/Content/' mounted to '/AudioWidgets/'
LogPackageName: Display: FPackageName: Mount point added: '../../../Engine/Plugins/Runtime/GeometryProcessing/Content/' mounted to '/GeometryProcessing/'
LogPackageName: Display: FPackageName: Mount point added: '../../../Engine/Plugins/Runtime/HDRIBackdrop/Content/' mounted to '/HDRIBackdrop/'
LogPackageName: Display: FPackageName: Mount point added: '../../../Engine/Plugins/Runtime/Metasound/Content/' mounted to '/Metasound/'
LogPackageName: Display: FPackageName: Mount point added: '../../../Engine/Plugins/Runtime/Nvidia/CVarVolume/Content/' mounted to '/CVarVolume/'
LogPackageName: Display: FPackageName: Mount point added: '../../../Engine/Plugins/Runtime/Nvidia/DLSSMoviePipelineSupport/Content/' mounted to '/DLSSMoviePipelineSupport/'
LogPackageName: Display: FPackageName: Mount point added: '../../../Engine/Plugins/Runtime/Nvidia/DLSS/Content/' mounted to '/DLSS/'
LogPackageName: Display: FPackageName: Mount point added: '../../../Engine/Plugins/Runtime/Nvidia/NRD/Content/' mounted to '/NRD/'
LogPackageName: Display: FPackageName: Mount point added: '../../../Engine/Plugins/Runtime/ResonanceAudio/Content/' mounted to '/ResonanceAudio/'
LogPackageName: Display: FPackageName: Mount point added: '../../../Engine/Plugins/Runtime/Synthesis/Content/' mounted to '/Synthesis/'
LogPackageName: Display: FPackageName: Mount point added: '../../../Engine/Plugins/Runtime/WaveTable/Content/' mounted to '/WaveTable/'
LogPackageName: Display: FPackageName: Mount point added: '../../../Engine/Plugins/Tests/EditorTests/Content/' mounted to '/EditorTests/'
LogPackageName: Display: FPackageName: Mount point added: '../../../Engine/Plugins/VirtualProduction/Takes/Content/' mounted to '/Takes/'
LogConfig: Applying CVar settings from Section [/Script/FFXFSR3Settings.FFXFSR3Settings] File [Engine]
LogPlatformD3DDevice: Chosen GPU NVIDIA GeForce RTX 4080
[2025.09.19-14.49.59:238][  0]LogMemory: Platform Memory Stats for Windows
[2025.09.19-14.49.59:238][  0]LogMemory: Process Physical Memory: 274.98 MB used, 322.96 MB peak
[2025.09.19-14.49.59:238][  0]LogMemory: Process Virtual Memory: 254.79 MB used, 276.32 MB peak
[2025.09.19-14.49.59:238][  0]LogMemory: Physical Memory: 16178.22 MB used,  49041.52 MB free, 65219.74 MB total
[2025.09.19-14.49.59:238][  0]LogMemory: Virtual Memory: 20176.47 MB used,  109043.27 MB free, 129219.73 MB total
[2025.09.19-14.49.59:416][  0]LogPlatformD3DDriver: DriverInfo: NVIDIA GeForce RTX 4080, 581.29, 32.0.15.8129, 9-5-2025
[2025.09.19-14.51.36:297][199]Command not recognized: disableallscreenmessages
[2025.09.19-14.51.36:301][199]r.Shadow.Virtual.Clipmap.FirstLevel = "6"
[2025.09.19-14.51.36:301][199]r.VolumetricFog.GridSizeZ = "128"
[2025.09.19-14.51.36:303][199]XInput.XBoxUsingGameInputRumble = "false"
[2025.09.19-14.51.36:303][199]r.HDR.Display.MaxLuminance = "1000"
[2025.09.19-14.51.36:303][199]r.HDR.Display.MidLuminance = "17.7778"
[2025.09.19-14.51.36:303][199]t.MaxFPS = "60"
[2025.09.19-14.51.36:303][199]r.VSync = "1"
[2025.09.19-14.51.36:303][199]t.MaxFPS = "999"
[2025.09.19-14.51.36:303][199]rhi.SyncInterval = "1"
[2025.09.19-14.51.36:303][199]r.MotionBlurQuality = "0"
[2025.09.19-14.51.36:303][199]t.Streamline.Reflex.Enable = "1"
[2025.09.19-14.51.36:303][199]t.Streamline.Reflex.Mode = "1"
[2025.09.19-14.51.36:303][199]r.NIS.Sharpness = "0.3"
[2025.09.19-14.51.36:304][199]r.Lumen.ScreenProbeGather.ScreenSpaceBentNormal = "0"
[2025.09.19-14.51.36:304][199]r.Lumen.DiffuseIndirect.SSAO = "1"
[2025.09.19-14.51.36:334][199]WindowsApplication.PreSetWindowMode = "WindowedFullscreen"
[2025.09.19-14.51.36:356][199]r.HDR.EnableHDROutput = "0"
[2025.09.19-14.51.36:414][199]r.Streamline.TagUIColorAlpha = "true"
[2025.09.19-14.51.36:414][199]r.Shadow.Virtual.MaxPhysicalPages = "5500"
[2025.09.19-14.51.36:415][199]Command not recognized: disableallscreenmessages
[2025.09.19-14.51.38:080][426]r.FXAA.Quality = "5"
[2025.09.19-14.51.38:080][426]r.TemporalAA.Quality = "2"
[2025.09.19-14.51.38:080][426]r.TSR.History.R11G11B10 = "1"
[2025.09.19-14.51.38:080][426]r.TSR.History.ScreenPercentage = "100"
[2025.09.19-14.51.38:080][426]r.TSR.History.UpdateQuality = "3"
[2025.09.19-14.51.38:080][426]r.TSR.History.GrandReprojection = "1"
[2025.09.19-14.51.38:080][426]r.TSR.ShadingRejection.Flickering = "1"
[2025.09.19-14.51.38:080][426]r.TSR.Velocity.Extrapolation = "1"
[2025.09.19-14.51.38:080][426]Command not recognized: r.TSR.Velocity.HoleFill 1
[2025.09.19-14.51.38:080][426]r.TSR.RejectionAntiAliasingQuality = "2"
[2025.09.19-14.51.38:080][426]r.SkeletalMeshLODBias = "0"
[2025.09.19-14.51.38:080][426]r.ViewDistanceScale = "2"
[2025.09.19-14.51.38:080][426]r.MotionBlur.HalfResGather = "0"
[2025.09.19-14.51.38:080][426]r.AmbientOcclusionMipLevelFactor = "0.6"
[2025.09.19-14.51.38:080][426]r.AmbientOcclusionMaxQuality = "100"
[2025.09.19-14.51.38:080][426]r.AmbientOcclusionLevels = "-1"
[2025.09.19-14.51.38:080][426]r.AmbientOcclusionRadiusScale = "1.5"
[2025.09.19-14.51.38:080][426]r.DepthOfFieldQuality = "2"
[2025.09.19-14.51.38:080][426]r.RenderTargetPoolMin = "400"
[2025.09.19-14.51.38:080][426]r.LensFlareQuality = "2"
[2025.09.19-14.51.38:080][426]r.EyeAdaptationQuality = "2"
[2025.09.19-14.51.38:080][426]r.BloomQuality = "5"
[2025.09.19-14.51.38:080][426]r.Bloom.ScreenPercentage = "50"
[2025.09.19-14.51.38:080][426]r.FastBlurThreshold = "7"
[2025.09.19-14.51.38:080][426]r.Upscale.Quality = "2"
[2025.09.19-14.51.38:080][426]r.Tonemapper.GrainQuantization = "1"
[2025.09.19-14.51.38:080][426]r.LightShaftQuality = "1"
[2025.09.19-14.51.38:080][426]r.Filter.SizeScale = "0.8"
[2025.09.19-14.51.38:080][426]r.Tonemapper.Quality = "5"
[2025.09.19-14.51.38:080][426]r.DOF.Gather.AccumulatorQuality = "0"
[2025.09.19-14.51.38:080][426]r.DOF.Gather.PostfilterMethod = "2"
[2025.09.19-14.51.38:080][426]r.DOF.Gather.EnableBokehSettings = "0"
[2025.09.19-14.51.38:080][426]r.DOF.Gather.RingCount = "4"
[2025.09.19-14.51.38:081][426]r.DOF.Scatter.ForegroundCompositing = "1"
[2025.09.19-14.51.38:081][426]r.DOF.Scatter.BackgroundCompositing = "1"
[2025.09.19-14.51.38:081][426]r.DOF.Scatter.EnableBokehSettings = "0"
[2025.09.19-14.51.38:081][426]r.DOF.Scatter.MaxSpriteRatio = "0.04"
[2025.09.19-14.51.38:081][426]r.DOF.Recombine.Quality = "0"
[2025.09.19-14.51.38:081][426]r.DOF.Recombine.EnableBokehSettings = "1"
[2025.09.19-14.51.38:081][426]r.DOF.TemporalAAQuality = "0"
[2025.09.19-14.51.38:081][426]r.DOF.Kernel.MaxForegroundRadius = "0.012"
[2025.09.19-14.51.38:081][426]r.DOF.Kernel.MaxBackgroundRadius = "0.012"
[2025.09.19-14.51.38:081][426]r.SkinCache.Mode = "1"
[2025.09.19-14.51.38:081][426]r.Streaming.MipBias = "0"
[2025.09.19-14.51.38:081][426]r.MipMapLODBias = "-1"
[2025.09.19-14.51.38:081][426]r.Streaming.AmortizeCPUToGPUCopy = "0"
[2025.09.19-14.51.38:081][426]r.Streaming.MaxNumTexturesToStreamPerFrame = "0"
[2025.09.19-14.51.38:081][426]r.Streaming.Boost = "1"
[2025.09.19-14.51.38:081][426]r.MaxAnisotropy = "8"
[2025.09.19-14.51.38:081][426]r.VT.MaxAnisotropy = "8"
[2025.09.19-14.51.38:081][426]r.Streaming.LimitPoolSizeToVRAM = "0"
[2025.09.19-14.51.38:081][426]r.Streaming.PoolSize = "6144"
[2025.09.19-14.51.38:081][426]r.Shadow.Virtual.Clipmap.FirstLevel = "6"
[2025.09.19-14.51.38:081][426]r.Shadow.Virtual.Clipmap.LastLevel = "22"
[2025.09.19-14.51.38:081][426]r.LightFunctionQuality = "1"
[2025.09.19-14.51.38:081][426]r.ShadowQuality = "3"
[2025.09.19-14.51.38:081][426]r.Shadow.CSM.MaxCascades = "2"
[2025.09.19-14.51.38:081][426]r.Shadow.MaxResolution = "1024"
[2025.09.19-14.51.38:081][426]r.Shadow.MaxCSMResolution = "1024"
[2025.09.19-14.51.38:081][426]r.Shadow.RadiusThreshold = "0.01"
[2025.09.19-14.51.38:081][426]r.Shadow.DistanceScale = "1"
[2025.09.19-14.51.38:081][426]r.Shadow.CSM.TransitionScale = "0.25"
[2025.09.19-14.51.38:081][426]r.Shadow.PreShadowResolutionFactor = "0.5"
[2025.09.19-14.51.38:081][426]r.DistanceFieldShadowing = "0"
[2025.09.19-14.51.38:081][426]r.DistanceFieldAO = "1"
[2025.09.19-14.51.38:081][426]r.AOQuality = "1"
[2025.09.19-14.51.38:081][426]r.VolumetricFog.HistoryMissSupersampleCount = "4"
[2025.09.19-14.51.38:081][426]r.LightMaxDrawDistanceScale = "1.0"
[2025.09.19-14.51.38:081][426]r.CapsuleShadows = "1"
[2025.09.19-14.51.38:081][426]r.Shadow.Virtual.MaxPhysicalPages = "5500"
[2025.09.19-14.51.38:081][426]r.Shadow.Virtual.ResolutionLodBiasDirectional = "-0.5"
[2025.09.19-14.51.38:081][426]r.Shadow.Virtual.ResolutionLodBiasLocal = "1"
[2025.09.19-14.51.38:081][426]r.Shadow.Virtual.SMRT.RayCountDirectional = "4"
[2025.09.19-14.51.38:081][426]r.Shadow.Virtual.SMRT.SamplesPerRayDirectional = "2"
[2025.09.19-14.51.38:081][426]r.Shadow.Virtual.SMRT.RayCountLocal = "4"
[2025.09.19-14.51.38:081][426]r.Shadow.Virtual.SMRT.SamplesPerRayLocal = "2"
[2025.09.19-14.51.38:081][426]r.SceneColorFormat = "4"
[2025.09.19-14.51.38:081][426]r.SSS.HalfRes = "1"
[2025.09.19-14.51.38:081][426]r.Nanite.MaxPixelsPerEdge = "2"
[2025.09.19-14.51.38:081][426]r.Nanite.MinPixelsPerEdgeHW = "16"
[2025.09.19-14.51.38:081][426]r.Shadow.NaniteLODBias = "0"
[2025.09.19-14.51.38:081][426]r.TranslucencyLightingVolumeDim = "64"
[2025.09.19-14.51.38:081][426]r.RefractionQuality = "1"
[2025.09.19-14.51.38:081][426]r.SSR.Quality = "2"
[2025.09.19-14.51.38:081][426]r.SSR.HalfResSceneColor = "1"
[2025.09.19-14.51.38:081][426]r.DetailMode = "2"
[2025.09.19-14.51.38:081][426]r.TranslucencyVolumeBlur = "1"
[2025.09.19-14.51.38:081][426]r.SSS.Scale = "1"
[2025.09.19-14.51.38:081][426]r.SSS.SampleSet = "2"
[2025.09.19-14.51.38:081][426]r.SSS.Quality = "1"
[2025.09.19-14.51.38:081][426]r.SSGI.Quality = "1"
[2025.09.19-14.51.38:081][426]r.EmitterSpawnRateScale = "1"
[2025.09.19-14.51.38:082][426]r.ParticleLightQuality = "1"
[2025.09.19-14.51.38:082][426]r.SkyAtmosphere.AerialPerspectiveLUT.FastApplyOnOpaque = "1"
[2025.09.19-14.51.38:082][426]r.SkyAtmosphere.AerialPerspectiveLUT.SampleCountMaxPerSlice = "1"
[2025.09.19-14.51.38:082][426]r.SkyAtmosphere.AerialPerspectiveLUT.DepthResolution = "8"
[2025.09.19-14.51.38:082][426]r.SkyAtmosphere.FastSkyLUT = "1"
[2025.09.19-14.51.38:082][426]r.SkyAtmosphere.FastSkyLUT.SampleCountMin = "4"
[2025.09.19-14.51.38:082][426]r.SkyAtmosphere.FastSkyLUT.SampleCountMax = "32"
[2025.09.19-14.51.38:082][426]r.SkyAtmosphere.SampleCountMin = "4"
[2025.09.19-14.51.38:082][426]r.SkyAtmosphere.SampleCountMax = "32"
[2025.09.19-14.51.38:082][426]r.SkyAtmosphere.TransmittanceLUT.UseSmallFormat = "0"
[2025.09.19-14.51.38:082][426]r.SkyAtmosphere.TransmittanceLUT.SampleCount = "10"
[2025.09.19-14.51.38:082][426]r.SkyAtmosphere.MultiScatteringLUT.SampleCount = "15"
[2025.09.19-14.51.38:082][426]r.SkyLight.RealTimeReflectionCapture = "1"
[2025.09.19-14.51.38:082][426]fx.Niagara.QualityLevel = "4"
[2025.09.19-14.51.38:082][426]foliage.MinimumScreenSize = "5e-06"
[2025.09.19-14.51.38:082][426]foliage.DensityScale = "1"
[2025.09.19-14.51.38:082][426]grass.densityScale = "1.0"
[2025.09.19-14.51.38:082][426]r.MaterialQualityLevel = "1"
[2025.09.19-14.51.38:082][426]r.Lumen.TraceDistanceScale = "1.0"
[2025.09.19-14.51.38:082][426]r.LumenScene.Radiosity = "0"
[2025.09.19-14.51.38:082][426]r.Lumen.DiffuseIndirect.Allow = "1"
[2025.09.19-14.51.38:082][426]r.LumenScene.Radiosity.ProbeSpacing = "8"
[2025.09.19-14.51.38:082][426]r.LumenScene.Radiosity.HemisphereProbeResolution = "3"
[2025.09.19-14.51.38:082][426]r.Lumen.TraceMeshSDFs.Allow = "0"
[2025.09.19-14.51.38:082][426]r.Lumen.ScreenProbeGather.RadianceCache.ProbeResolution = "16"
[2025.09.19-14.51.38:082][426]r.Lumen.ScreenProbeGather.RadianceCache.NumProbesToTraceBudget = "300"
[2025.09.19-14.51.38:082][426]r.Lumen.ScreenProbeGather.DownsampleFactor = "16"
[2025.09.19-14.51.38:082][426]r.Lumen.ScreenProbeGather.TracingOctahedronResolution = "8"
[2025.09.19-14.51.38:082][426]r.Lumen.ScreenProbeGather.IrradianceFormat = "1"
[2025.09.19-14.51.38:082][426]r.Lumen.ScreenProbeGather.StochasticInterpolation = "1"
[2025.09.19-14.51.38:082][426]r.Lumen.ScreenProbeGather.FullResolutionJitterWidth = "1.0"
[2025.09.19-14.51.38:082][426]r.Lumen.ScreenProbeGather.TwoSidedFoliageBackfaceDiffuse = "0"
[2025.09.19-14.51.38:082][426]r.Lumen.TranslucencyVolume.GridPixelSize = "64"
[2025.09.19-14.51.38:082][426]r.Lumen.TranslucencyVolume.TraceFromVolume = "0"
[2025.09.19-14.51.38:082][426]r.Lumen.TranslucencyVolume.TracingOctahedronResolution = "3"
[2025.09.19-14.51.38:082][426]r.Lumen.TranslucencyVolume.RadianceCache.ProbeResolution = "8"
[2025.09.19-14.51.38:082][426]r.Lumen.TranslucencyVolume.RadianceCache.NumProbesToTraceBudget = "200"
[2025.09.19-14.51.38:082][426]r.LumenScene.SurfaceCache.CardCaptureRefreshFraction = "0"
[2025.09.19-14.51.38:082][426]r.Lumen.Reflections.Allow = "1"
[2025.09.19-14.51.38:082][426]r.Lumen.Reflections.DownsampleFactor = "2"
[2025.09.19-14.51.38:082][426]r.Lumen.TranslucencyReflections.FrontLayer.Allow = "0"
[2025.09.19-14.51.38:082][426]r.Lumen.TranslucencyReflections.FrontLayer.Enable = "0"
[2025.09.19-14.51.38:082][426]r.AOGlobalDistanceField = "1"
[2025.09.19-14.51.38:082][426]r.VolumetricFog = "1"
[2025.09.19-14.51.38:082][426]r.Shadow.Virtual.ResolutionLodBiasDirectional = "0"
[2025.09.19-14.51.38:082][426]r.VolumetricFog.GridSizeZ = "128"
[2025.09.19-14.51.38:082][426]r.VolumetricFog.GridPixelSize = "8"
[2025.09.19-14.51.38:082][426]r.ScreenPercentage = "50"
[2025.09.19-14.56.51:807][523]WindowsApplication.PreSetWindowMode = "Fullscreen"
[2025.09.19-14.56.53:599][523]r.HDR.EnableHDROutput = "1"
[2025.09.19-14.56.53:599][523]r.Streamline.TagUIColorAlpha = "false"
[2025.09.19-14.56.53:599][523]r.ScreenPercentage = "50"
[2025.09.19-14.56.53:601][523]WindowsApplication.PreSetWindowMode = "WindowedFullscreen"
[2025.09.19-14.56.53:624][523]r.HDR.EnableHDROutput = "0"
[2025.09.19-14.56.56:243][523]r.Streamline.TagUIColorAlpha = "true"
[2025.09.19-14.56.56:243][523]r.ScreenPercentage = "50"
[2025.09.19-14.56.58:030][661]WindowsApplication.PreSetWindowMode = "Fullscreen"
[2025.09.19-14.57.00:847][661]r.HDR.EnableHDROutput = "1"
[2025.09.19-14.57.00:847][661]r.Streamline.TagUIColorAlpha = "false"
[2025.09.19-14.57.00:847][661]r.ScreenPercentage = "50"
[2025.09.19-14.57.41:251][979]r.NIS.Enable = "1"
[2025.09.19-14.57.41:251][979]r.FidelityFX.FSR3.Sharpness = "0"
[2025.09.19-14.57.41:251][979]r.Tonemapper.Sharpen = "0"
[2025.09.19-14.57.41:251][979]r.AntiAliasingMethod = "4"
[2025.09.19-14.57.41:251][979]r.NIS.Sharpness = "0.3"
[2025.09.19-14.57.41:753][ 20]r.ScreenPercentage = "50"
[2025.09.19-14.57.52:458][875]LogPlatformHardware: HardwareHelper SSD Detected
[2025.09.19-14.58.00:196][496]r.Shadow.Virtual.Clipmap.FirstLevel = "6"
[2025.09.19-14.58.00:196][496]r.VolumetricFog.GridSizeZ = "128"
[2025.09.19-14.58.00:262][497]Command not recognized: DisableAllScreenMessages
[2025.09.19-14.58.00:262][497]dcs.runtime.LODForceSettings = "0"
[2025.09.19-14.58.00:262][497]s.AsyncLoadingTimeLimit = "50000.0"
[2025.09.19-14.58.00:262][497]s.PriorityAsyncLoadingExtraTime = "25000.0"
[2025.09.19-14.58.00:262][497]s.LevelStreamingActorsUpdateTimeLimit = "50000.0"
[2025.09.19-14.58.00:262][497]s.PriorityLevelStreamingActorsUpdateExtraTime = "50000.0"
[2025.09.19-14.58.00:262][497]s.LevelStreamingComponentsRegistrationGranularity = "1000000"
[2025.09.19-14.58.00:262][497]s.LevelStreamingAddPrimitiveGranularity = "1000000"
[2025.09.19-14.58.00:262][497]Command not recognized: s.LevelStreamingUnregisterComponentsTimeLimit 50000.0
[2025.09.19-14.58.00:262][497]s.LevelStreamingComponentsUnregistrationGranularity = "1000000"
[2025.09.19-14.58.00:262][497]dcs.runtime.DCSLazyLoad = "1"
[2025.09.19-14.58.00:262][497]ControlRig.DisableExecutionAll = "1"
[2025.09.19-14.58.00:262][497]dcs.SmoonthActorRouteInitialize = "1"
[2025.09.19-14.58.00:262][497]r.Shadow.Virtual.Clipmap.LastLevel = "0"
[2025.09.19-14.58.00:262][497]r.Shadow.Virtual.Cache = "0"
[2025.09.19-14.58.00:270][497]Command not recognized: disableallscreenmessages
[2025.09.19-14.58.10:669][394]r.Lumen.Reflections.MaxRayIntensity = "100.0"
[2025.09.19-14.58.11:192][419]s.AsyncLoadingTimeLimit = "2.0"
[2025.09.19-14.58.11:192][419]s.PriorityAsyncLoadingExtraTime = "15.0"
[2025.09.19-14.58.11:192][419]s.LevelStreamingActorsUpdateTimeLimit = "2.0"
[2025.09.19-14.58.11:192][419]s.PriorityLevelStreamingActorsUpdateExtraTime = "1.0"
[2025.09.19-14.58.11:192][419]s.LevelStreamingComponentsRegistrationGranularity = "2"
[2025.09.19-14.58.11:192][419]s.LevelStreamingAddPrimitiveGranularity = "2"
[2025.09.19-14.58.11:192][419]Command not recognized: s.LevelStreamingUnregisterComponentsTimeLimit 1.0
[2025.09.19-14.58.11:192][419]s.LevelStreamingComponentsUnregistrationGranularity = "2"
[2025.09.19-14.58.11:192][419]dcs.runtime.DCSLazyLoad = "0"
[2025.09.19-14.58.11:192][419]ControlRig.DisableExecutionAll = "0"
[2025.09.19-14.58.11:192][419]dcs.SmoonthActorRouteInitialize = "1"
[2025.09.19-14.58.11:192][419]r.Shadow.Virtual.Cache = "1"
[2025.09.19-14.58.11:192][419]r.Shadow.Virtual.Clipmap.LastLevel = "22"
[2025.09.19-14.58.14:435][609]r.Shadow.Virtual.Clipmap.FirstLevel = "6"
[2025.09.19-14.58.14:435][609]r.VolumetricFog.GridSizeZ = "128"
[2025.09.19-14.58.14:435][609]r.DOF.DLSS.HiResHalfResSceneColor = "0"
[2025.09.19-14.58.22:921][188]r.Shadow.Virtual.Clipmap.FirstLevel = "6"
[2025.09.19-14.58.22:921][188]r.VolumetricFog.GridSizeZ = "128"
[2025.09.19-14.58.22:921][188]r.DOF.DLSS.HiResHalfResSceneColor = "1"
[2025.09.19-14.58.49:811][756]r.VSync = "0"
[2025.09.19-14.58.49:811][756]t.MaxFPS = "60"
[2025.09.19-14.58.50:942][823]t.MaxFPS = "30"
[2025.09.19-14.58.51:275][833]t.MaxFPS = "999"
[2025.09.19-14.59.38:980][732]r.ScreenPercentage = "50"
[2025.09.19-14.59.39:982][791]r.NIS.Enable = "1"
[2025.09.19-14.59.39:982][791]r.FidelityFX.FSR3.Sharpness = "0"
[2025.09.19-14.59.39:982][791]r.Tonemapper.Sharpen = "0"
[2025.09.19-14.59.39:982][791]r.AntiAliasingMethod = "2"
[2025.09.19-14.59.39:982][791]r.NIS.Sharpness = "0.3"
[2025.09.19-14.59.40:495][817]r.ScreenPercentage = "50"
[2025.09.19-14.59.40:788][834]r.ScreenPercentage = "50"
[2025.09.19-14.59.41:771][895]r.NIS.Enable = "1"
[2025.09.19-14.59.41:771][895]r.FidelityFX.FSR3.Sharpness = "0"
[2025.09.19-14.59.41:771][895]r.Tonemapper.Sharpen = "0"
[2025.09.19-14.59.41:771][895]r.AntiAliasingMethod = "4"
[2025.09.19-14.59.41:771][895]r.NIS.Sharpness = "0.3"
[2025.09.19-14.59.42:215][922]r.ScreenPercentage = "50"
[2025.09.19-14.59.42:287][926]r.ScreenPercentage = "50"
[2025.09.19-14.59.43:199][980]r.NIS.Enable = "1"
[2025.09.19-14.59.43:200][980]r.FidelityFX.FSR3.Sharpness = "0"
[2025.09.19-14.59.43:200][980]r.Tonemapper.Sharpen = "0"
[2025.09.19-14.59.43:200][980]r.AntiAliasingMethod = "2"
[2025.09.19-14.59.43:200][980]r.NIS.Sharpness = "0.3"
[2025.09.19-14.59.43:710][  8]r.ScreenPercentage = "50"
[2025.09.19-15.00.18:197][422]r.Shadow.Virtual.Clipmap.FirstLevel = "6"
[2025.09.19-15.00.18:197][422]r.VolumetricFog.GridSizeZ = "128"
[2025.09.19-15.00.18:197][422]r.DOF.DLSS.HiResHalfResSceneColor = "0"
[2025.09.19-15.00.18:197][422]r.Streamline.DLSSG.Enable = "0"
[2025.09.19-15.00.21:802][713]r.Shadow.Virtual.Clipmap.FirstLevel = "6"
[2025.09.19-15.00.21:802][713]r.VolumetricFog.GridSizeZ = "128"
[2025.09.19-15.00.21:802][713]r.DOF.DLSS.HiResHalfResSceneColor = "1"
[2025.09.19-15.00.21:802][713]r.Streamline.DLSSG.Enable = "1"
[2025.09.19-15.00.22:006][715]PIE: Warning: Interact Brush:  BP_Brush_Shape_C_2147464636 ISN'T attached to an Actor with Collisitn. Interact Volume will not work with it. Please make Actor:  DI_Katana01_C_2147464638 has query collision to 'WorldDynamic'
[2025.09.19-15.00.33:400][123]r.Lumen.Reflections.MaxRayIntensity = "0.4"
[2025.09.19-15.03.36:431][466]r.Shadow.Virtual.Clipmap.FirstLevel = "6"
[2025.09.19-15.03.36:431][466]r.VolumetricFog.GridSizeZ = "128"
[2025.09.19-15.03.36:431][466]r.DOF.DLSS.HiResHalfResSceneColor = "0"
[2025.09.19-15.03.36:431][466]r.Nanite.MinPixelsPerEdgeHW = "16"
[2025.09.19-15.03.36:431][466]r.Streamline.DLSSG.Enable = "0"
[2025.09.19-15.03.39:843][677]r.Shadow.Virtual.Clipmap.FirstLevel = "6"
[2025.09.19-15.03.39:843][677]r.VolumetricFog.GridSizeZ = "128"
[2025.09.19-15.03.39:843][677]r.DOF.DLSS.HiResHalfResSceneColor = "1"
[2025.09.19-15.03.39:843][677]r.Nanite.MinPixelsPerEdgeHW = "16"
[2025.09.19-15.03.39:843][677]r.Streamline.DLSSG.Enable = "1"
[2025.09.19-15.06.46:570][956]r.Streamline.DLSSG.Enable = "0"
[2025.09.19-15.06.50:323][136]r.Streamline.DLSSG.Enable = "1"
[2025.09.19-15.06.51:282][168]r.Streamline.DLSSG.Enable = "0"
[2025.09.19-15.06.53:664][287]r.Streamline.DLSSG.Enable = "1"
[2025.09.19-15.06.57:115][409]s.AsyncLoadingTimeLimit = "50000.0"
[2025.09.19-15.06.57:115][409]s.PriorityAsyncLoadingExtraTime = "25000.0"
[2025.09.19-15.06.57:115][409]s.LevelStreamingActorsUpdateTimeLimit = "50000.0"
[2025.09.19-15.06.57:115][409]s.PriorityLevelStreamingActorsUpdateExtraTime = "50000.0"
[2025.09.19-15.06.57:115][409]s.LevelStreamingComponentsRegistrationGranularity = "1000000"
[2025.09.19-15.06.57:115][409]s.LevelStreamingAddPrimitiveGranularity = "1000000"
[2025.09.19-15.06.57:115][409]Command not recognized: s.LevelStreamingUnregisterComponentsTimeLimit 50000.0
[2025.09.19-15.06.57:115][409]s.LevelStreamingComponentsUnregistrationGranularity = "1000000"
[2025.09.19-15.06.57:115][409]dcs.runtime.DCSLazyLoad = "1"
[2025.09.19-15.06.57:115][409]ControlRig.DisableExecutionAll = "1"
[2025.09.19-15.06.57:115][409]dcs.SmoonthActorRouteInitialize = "1"
[2025.09.19-15.06.57:115][409]r.Shadow.Virtual.Clipmap.LastLevel = "0"
[2025.09.19-15.06.57:115][409]r.Shadow.Virtual.Cache = "0"
[2025.09.19-15.06.57:116][409]dcs.runtime.LODForceSettings = "0"
[2025.09.19-15.06.59:243][487]s.AsyncLoadingTimeLimit = "2.0"
[2025.09.19-15.06.59:243][487]s.PriorityAsyncLoadingExtraTime = "15.0"
[2025.09.19-15.06.59:243][487]s.LevelStreamingActorsUpdateTimeLimit = "2.0"
[2025.09.19-15.06.59:243][487]s.PriorityLevelStreamingActorsUpdateExtraTime = "1.0"
[2025.09.19-15.06.59:243][487]s.LevelStreamingComponentsRegistrationGranularity = "2"
[2025.09.19-15.06.59:243][487]s.LevelStreamingAddPrimitiveGranularity = "2"
[2025.09.19-15.06.59:243][487]Command not recognized: s.LevelStreamingUnregisterComponentsTimeLimit 1.0
[2025.09.19-15.06.59:243][487]s.LevelStreamingComponentsUnregistrationGranularity = "2"
[2025.09.19-15.06.59:243][487]dcs.runtime.DCSLazyLoad = "0"
[2025.09.19-15.06.59:243][487]ControlRig.DisableExecutionAll = "0"
[2025.09.19-15.06.59:243][487]dcs.SmoonthActorRouteInitialize = "1"
[2025.09.19-15.06.59:243][487]r.Shadow.Virtual.Cache = "1"
[2025.09.19-15.06.59:243][487]r.Shadow.Virtual.Clipmap.LastLevel = "22"
[2025.09.19-15.06.59:255][488]PIE: Warning: Interact Brush:  BP_Brush_Shape_C_2147446884 ISN'T attached to an Actor with Collisitn. Interact Volume will not work with it. Please make Actor:  DI_Katana01_C_2147446886 has query collision to 'WorldDynamic'
[2025.09.19-15.07.16:417][132]Command not recognized: disableallscreenmessages
[2025.09.19-15.07.16:421][132]r.Shadow.Virtual.Clipmap.FirstLevel = "6"
[2025.09.19-15.07.16:422][132]r.VolumetricFog.GridSizeZ = "128"
[2025.09.19-15.07.16:423][132]XInput.XBoxUsingGameInputRumble = "false"
[2025.09.19-15.07.16:423][132]r.HDR.Display.MaxLuminance = "1000"
[2025.09.19-15.07.16:423][132]r.HDR.Display.MidLuminance = "17.7778"
[2025.09.19-15.07.16:423][132]t.MaxFPS = "999"
[2025.09.19-15.07.16:423][132]r.VSync = "0"
[2025.09.19-15.07.16:423][132]t.MaxFPS = "999"
[2025.09.19-15.07.16:423][132]rhi.SyncInterval = "1"
[2025.09.19-15.07.16:423][132]r.MotionBlurQuality = "0"
[2025.09.19-15.07.16:423][132]t.Streamline.Reflex.Enable = "1"
[2025.09.19-15.07.16:423][132]t.Streamline.Reflex.Mode = "1"
[2025.09.19-15.07.16:424][132]r.FXAA.Quality = "5"
[2025.09.19-15.07.16:424][132]r.TemporalAA.Quality = "2"
[2025.09.19-15.07.16:424][132]r.TSR.History.R11G11B10 = "1"
[2025.09.19-15.07.16:424][132]r.TSR.History.ScreenPercentage = "100"
[2025.09.19-15.07.16:424][132]r.TSR.History.UpdateQuality = "3"
[2025.09.19-15.07.16:424][132]r.TSR.History.GrandReprojection = "1"
[2025.09.19-15.07.16:424][132]r.TSR.ShadingRejection.Flickering = "1"
[2025.09.19-15.07.16:424][132]r.TSR.Velocity.Extrapolation = "1"
[2025.09.19-15.07.16:424][132]Command not recognized: r.TSR.Velocity.HoleFill 1
[2025.09.19-15.07.16:424][132]r.TSR.RejectionAntiAliasingQuality = "2"
[2025.09.19-15.07.16:424][132]r.NIS.Sharpness = "0.3"
[2025.09.19-15.07.16:424][132]r.MotionBlur.HalfResGather = "0"
[2025.09.19-15.07.16:424][132]r.AmbientOcclusionMipLevelFactor = "0.6"
[2025.09.19-15.07.16:424][132]r.AmbientOcclusionMaxQuality = "100"
[2025.09.19-15.07.16:424][132]r.AmbientOcclusionLevels = "-1"
[2025.09.19-15.07.16:424][132]r.AmbientOcclusionRadiusScale = "1.5"
[2025.09.19-15.07.16:424][132]r.DepthOfFieldQuality = "2"
[2025.09.19-15.07.16:424][132]r.RenderTargetPoolMin = "400"
[2025.09.19-15.07.16:424][132]r.LensFlareQuality = "2"
[2025.09.19-15.07.16:424][132]r.EyeAdaptationQuality = "2"
[2025.09.19-15.07.16:424][132]r.BloomQuality = "5"
[2025.09.19-15.07.16:424][132]r.Bloom.ScreenPercentage = "50"
[2025.09.19-15.07.16:424][132]r.FastBlurThreshold = "7"
[2025.09.19-15.07.16:424][132]r.Upscale.Quality = "2"
[2025.09.19-15.07.16:424][132]r.Tonemapper.GrainQuantization = "1"
[2025.09.19-15.07.16:424][132]r.LightShaftQuality = "1"
[2025.09.19-15.07.16:424][132]r.Filter.SizeScale = "0.8"
[2025.09.19-15.07.16:424][132]r.Tonemapper.Quality = "5"
[2025.09.19-15.07.16:424][132]r.DOF.Gather.AccumulatorQuality = "0"
[2025.09.19-15.07.16:424][132]r.DOF.Gather.PostfilterMethod = "2"
[2025.09.19-15.07.16:425][132]r.DOF.Gather.EnableBokehSettings = "0"
[2025.09.19-15.07.16:425][132]r.DOF.Gather.RingCount = "4"
[2025.09.19-15.07.16:425][132]r.DOF.Scatter.ForegroundCompositing = "1"
[2025.09.19-15.07.16:425][132]r.DOF.Scatter.BackgroundCompositing = "1"
[2025.09.19-15.07.16:425][132]r.DOF.Scatter.EnableBokehSettings = "0"
[2025.09.19-15.07.16:425][132]r.DOF.Scatter.MaxSpriteRatio = "0.04"
[2025.09.19-15.07.16:425][132]r.DOF.Recombine.Quality = "0"
[2025.09.19-15.07.16:425][132]r.DOF.Recombine.EnableBokehSettings = "1"
[2025.09.19-15.07.16:425][132]r.DOF.TemporalAAQuality = "0"
[2025.09.19-15.07.16:425][132]r.DOF.Kernel.MaxForegroundRadius = "0.012"
[2025.09.19-15.07.16:425][132]r.DOF.Kernel.MaxBackgroundRadius = "0.012"
[2025.09.19-15.07.16:425][132]r.SkinCache.Mode = "1"
[2025.09.19-15.07.16:425][132]r.Shadow.Virtual.Clipmap.FirstLevel = "6"
[2025.09.19-15.07.16:425][132]r.Shadow.Virtual.Clipmap.LastLevel = "22"
[2025.09.19-15.07.16:425][132]r.LightFunctionQuality = "1"
[2025.09.19-15.07.16:425][132]r.ShadowQuality = "3"
[2025.09.19-15.07.16:425][132]r.Shadow.CSM.MaxCascades = "2"
[2025.09.19-15.07.16:425][132]r.Shadow.MaxResolution = "1024"
[2025.09.19-15.07.16:425][132]r.Shadow.MaxCSMResolution = "1024"
[2025.09.19-15.07.16:425][132]r.Shadow.RadiusThreshold = "0.01"
[2025.09.19-15.07.16:425][132]r.Shadow.DistanceScale = "1"
[2025.09.19-15.07.16:425][132]r.Shadow.CSM.TransitionScale = "0.25"
[2025.09.19-15.07.16:425][132]r.Shadow.PreShadowResolutionFactor = "0.5"
[2025.09.19-15.07.16:425][132]r.DistanceFieldShadowing = "0"
[2025.09.19-15.07.16:425][132]r.DistanceFieldAO = "1"
[2025.09.19-15.07.16:425][132]r.AOQuality = "1"
[2025.09.19-15.07.16:425][132]r.VolumetricFog.HistoryMissSupersampleCount = "4"
[2025.09.19-15.07.16:425][132]r.LightMaxDrawDistanceScale = "1.0"
[2025.09.19-15.07.16:425][132]r.CapsuleShadows = "1"
[2025.09.19-15.07.16:425][132]r.Shadow.Virtual.MaxPhysicalPages = "5500"
[2025.09.19-15.07.16:425][132]r.Shadow.Virtual.ResolutionLodBiasDirectional = "-0.5"
[2025.09.19-15.07.16:425][132]r.Shadow.Virtual.ResolutionLodBiasLocal = "1"
[2025.09.19-15.07.16:425][132]r.Shadow.Virtual.SMRT.RayCountDirectional = "4"
[2025.09.19-15.07.16:425][132]r.Shadow.Virtual.SMRT.SamplesPerRayDirectional = "2"
[2025.09.19-15.07.16:425][132]r.Shadow.Virtual.SMRT.RayCountLocal = "4"
[2025.09.19-15.07.16:425][132]r.Shadow.Virtual.SMRT.SamplesPerRayLocal = "2"
[2025.09.19-15.07.16:425][132]r.SceneColorFormat = "4"
[2025.09.19-15.07.16:425][132]r.SSS.HalfRes = "1"
[2025.09.19-15.07.16:425][132]r.Nanite.MaxPixelsPerEdge = "2"
[2025.09.19-15.07.16:425][132]r.Nanite.MinPixelsPerEdgeHW = "16"
[2025.09.19-15.07.16:425][132]r.Shadow.NaniteLODBias = "0"
[2025.09.19-15.07.16:425][132]r.TranslucencyLightingVolumeDim = "64"
[2025.09.19-15.07.16:425][132]r.RefractionQuality = "1"
[2025.09.19-15.07.16:425][132]r.SSR.Quality = "2"
[2025.09.19-15.07.16:425][132]r.SSR.HalfResSceneColor = "1"
[2025.09.19-15.07.16:425][132]r.DetailMode = "2"
[2025.09.19-15.07.16:425][132]r.TranslucencyVolumeBlur = "1"
[2025.09.19-15.07.16:425][132]r.SSS.Scale = "1"
[2025.09.19-15.07.16:425][132]r.SSS.SampleSet = "2"
[2025.09.19-15.07.16:425][132]r.SSS.Quality = "1"
[2025.09.19-15.07.16:425][132]r.SSGI.Quality = "1"
[2025.09.19-15.07.16:425][132]r.EmitterSpawnRateScale = "1"
[2025.09.19-15.07.16:425][132]r.ParticleLightQuality = "1"
[2025.09.19-15.07.16:425][132]r.SkyAtmosphere.AerialPerspectiveLUT.FastApplyOnOpaque = "1"
[2025.09.19-15.07.16:425][132]r.SkyAtmosphere.AerialPerspectiveLUT.SampleCountMaxPerSlice = "1"
[2025.09.19-15.07.16:425][132]r.SkyAtmosphere.AerialPerspectiveLUT.DepthResolution = "8"
[2025.09.19-15.07.16:425][132]r.SkyAtmosphere.FastSkyLUT = "1"
[2025.09.19-15.07.16:425][132]r.SkyAtmosphere.FastSkyLUT.SampleCountMin = "4"
[2025.09.19-15.07.16:425][132]r.SkyAtmosphere.FastSkyLUT.SampleCountMax = "32"
[2025.09.19-15.07.16:425][132]r.SkyAtmosphere.SampleCountMin = "4"
[2025.09.19-15.07.16:425][132]r.SkyAtmosphere.SampleCountMax = "32"
[2025.09.19-15.07.16:425][132]r.SkyAtmosphere.TransmittanceLUT.UseSmallFormat = "0"
[2025.09.19-15.07.16:425][132]r.SkyAtmosphere.TransmittanceLUT.SampleCount = "10"
[2025.09.19-15.07.16:425][132]r.SkyAtmosphere.MultiScatteringLUT.SampleCount = "15"
[2025.09.19-15.07.16:425][132]r.SkyLight.RealTimeReflectionCapture = "1"
[2025.09.19-15.07.16:425][132]fx.Niagara.QualityLevel = "4"
[2025.09.19-15.07.16:425][132]r.SkeletalMeshLODBias = "0"
[2025.09.19-15.07.16:425][132]r.ViewDistanceScale = "2"
[2025.09.19-15.07.16:425][132]r.Streaming.MipBias = "0"
[2025.09.19-15.07.16:425][132]r.MipMapLODBias = "-1"
[2025.09.19-15.07.16:425][132]r.Streaming.AmortizeCPUToGPUCopy = "0"
[2025.09.19-15.07.16:425][132]r.Streaming.MaxNumTexturesToStreamPerFrame = "0"
[2025.09.19-15.07.16:425][132]r.Streaming.Boost = "1"
[2025.09.19-15.07.16:425][132]r.MaxAnisotropy = "8"
[2025.09.19-15.07.16:425][132]r.VT.MaxAnisotropy = "8"
[2025.09.19-15.07.16:425][132]r.Streaming.LimitPoolSizeToVRAM = "0"
[2025.09.19-15.07.16:425][132]r.Streaming.PoolSize = "6144"
[2025.09.19-15.07.16:426][132]foliage.MinimumScreenSize = "5e-06"
[2025.09.19-15.07.16:426][132]foliage.DensityScale = "1"
[2025.09.19-15.07.16:426][132]grass.densityScale = "1.0"
[2025.09.19-15.07.16:426][132]r.MaterialQualityLevel = "1"
[2025.09.19-15.07.16:426][132]r.VolumetricFog = "1"
[2025.09.19-15.07.16:426][132]r.Shadow.Virtual.ResolutionLodBiasDirectional = "0"
[2025.09.19-15.07.16:426][132]r.VolumetricFog.GridSizeZ = "128"
[2025.09.19-15.07.16:426][132]r.VolumetricFog.GridPixelSize = "8"
[2025.09.19-15.07.16:426][132]r.Lumen.TraceDistanceScale = "1.0"
[2025.09.19-15.07.16:426][132]r.LumenScene.Radiosity = "0"
[2025.09.19-15.07.16:426][132]r.Lumen.DiffuseIndirect.Allow = "1"
[2025.09.19-15.07.16:426][132]r.LumenScene.Radiosity.ProbeSpacing = "8"
[2025.09.19-15.07.16:426][132]r.LumenScene.Radiosity.HemisphereProbeResolution = "3"
[2025.09.19-15.07.16:426][132]r.Lumen.TraceMeshSDFs.Allow = "0"
[2025.09.19-15.07.16:426][132]r.Lumen.ScreenProbeGather.RadianceCache.ProbeResolution = "16"
[2025.09.19-15.07.16:426][132]r.Lumen.ScreenProbeGather.RadianceCache.NumProbesToTraceBudget = "300"
[2025.09.19-15.07.16:426][132]r.Lumen.ScreenProbeGather.DownsampleFactor = "16"
[2025.09.19-15.07.16:426][132]r.Lumen.ScreenProbeGather.TracingOctahedronResolution = "8"
[2025.09.19-15.07.16:426][132]r.Lumen.ScreenProbeGather.IrradianceFormat = "1"
[2025.09.19-15.07.16:426][132]r.Lumen.ScreenProbeGather.StochasticInterpolation = "1"
[2025.09.19-15.07.16:426][132]r.Lumen.ScreenProbeGather.FullResolutionJitterWidth = "1.0"
[2025.09.19-15.07.16:426][132]r.Lumen.ScreenProbeGather.TwoSidedFoliageBackfaceDiffuse = "0"
[2025.09.19-15.07.16:426][132]r.Lumen.TranslucencyVolume.GridPixelSize = "64"
[2025.09.19-15.07.16:426][132]r.Lumen.TranslucencyVolume.TraceFromVolume = "0"
[2025.09.19-15.07.16:426][132]r.Lumen.TranslucencyVolume.TracingOctahedronResolution = "3"
[2025.09.19-15.07.16:426][132]r.Lumen.TranslucencyVolume.RadianceCache.ProbeResolution = "8"
[2025.09.19-15.07.16:426][132]r.Lumen.TranslucencyVolume.RadianceCache.NumProbesToTraceBudget = "200"
[2025.09.19-15.07.16:426][132]r.LumenScene.SurfaceCache.CardCaptureRefreshFraction = "0"
[2025.09.19-15.07.16:427][132]r.Lumen.ScreenProbeGather.ScreenSpaceBentNormal = "0"
[2025.09.19-15.07.16:427][132]r.Lumen.DiffuseIndirect.SSAO = "1"
[2025.09.19-15.07.16:427][132]r.Lumen.Reflections.Allow = "1"
[2025.09.19-15.07.16:427][132]r.Lumen.Reflections.DownsampleFactor = "2"
[2025.09.19-15.07.16:427][132]r.Lumen.TranslucencyReflections.FrontLayer.Allow = "0"
[2025.09.19-15.07.16:427][132]r.Lumen.TranslucencyReflections.FrontLayer.Enable = "0"
[2025.09.19-15.07.16:427][132]r.AOGlobalDistanceField = "1"
[2025.09.19-15.07.16:434][132]WindowsApplication.PreSetWindowMode = "Fullscreen"
[2025.09.19-15.07.16:519][132]r.HDR.EnableHDROutput = "1"
[2025.09.19-15.07.16:519][132]r.Streamline.TagUIColorAlpha = "false"
[2025.09.19-15.07.16:519][132]Command not recognized: disableallscreenmessages
[2025.09.19-15.07.18:115][247]r.ScreenPercentage = "50"
[2025.09.19-15.07.19:545][315]r.NIS.Enable = "1"
[2025.09.19-15.07.19:545][315]r.FidelityFX.FSR3.Sharpness = "0"
[2025.09.19-15.07.19:545][315]r.Tonemapper.Sharpen = "0"
[2025.09.19-15.07.19:545][315]r.AntiAliasingMethod = "2"
[2025.09.19-15.07.19:545][315]r.NIS.Sharpness = "0.3"
[2025.09.19-15.07.20:014][336]r.ScreenPercentage = "50"
[2025.09.19-15.07.25:927][581]LogPlatformHardware: HardwareHelper SSD Detected
[2025.09.19-15.08.02:741][924]XInput.XBoxUsingGameInputRumble = "true"
[2025.09.19-15.08.03:174][942]XInput.XBoxUsingGameInputRumble = "false"
[2025.09.19-15.08.03:655][962]XInput.XBoxUsingGameInputRumble = "true"
[2025.09.19-15.08.44:798][666]r.MotionBlurQuality = "5"
[2025.09.19-15.08.45:354][689]r.MotionBlurQuality = "0"
[2025.09.19-15.08.45:815][708]r.MotionBlurQuality = "5"
[2025.09.19-15.08.46:694][744]r.MotionBlurQuality = "0"
[2025.09.19-15.09.13:473][855]Closing by request
[2025.09.19-15.09.24:498][856]Log file closed, 09/19/25 23:09:24
